// Jest Snapshot v1, https://goo.gl/fbAQLP

exports[`ShowCard renders correctly 1`] = `
<styled.div>
  <styled.img
    alt="undefined Show Poster"
    src="/public/img/posters/undefined"
  />
  <div>
    <h3 />
    <h4>
      (
      )
    </h4>
    <p />
  </div>
</styled.div>
`;
